(node:18024) [DEP0190] DeprecationWarning: Passing args to a child process with shell option true can lead to security vulnerabilities, as the arguments are not escaped, only concatenated.
(Use `node --trace-deprecation ...` to show where the warning was created)
node:internal/modules/cjs/loader:1503
  throw err;
  ^

Error: Cannot find module 'C:\Users\Hipervias - Abel\Documents\GitHub\nexa\apps\backend\dist\main'
    at Module._resolveFilename (node:internal/modules/cjs/loader:1500:15)
    at wrapResolveFilename (node:internal/modules/cjs/loader:1071:27)
    at defaultResolveImplForCJSLoading (node:internal/modules/cjs/loader:1095:10)
    at resolveForCJSWithHooks (node:internal/modules/cjs/loader:1116:12)
    at Module._load (node:internal/modules/cjs/loader:1285:25)
    at wrapModuleLoad (node:internal/modules/cjs/loader:255:19)
    at Module.executeUserEntryPoint [as runMain] (node:internal/modules/run_main:154:5)
    at node:internal/main/run_main_module:33:47 {
  code: 'MODULE_NOT_FOUND',
  requireStack: []
}

Node.js v24.16.0
node:internal/modules/cjs/loader:1503
  throw err;
  ^

Error: Cannot find module 'C:\Users\Hipervias - Abel\Documents\GitHub\nexa\apps\backend\dist\main'
    at Module._resolveFilename (node:internal/modules/cjs/loader:1500:15)
    at wrapResolveFilename (node:internal/modules/cjs/loader:1071:27)
    at defaultResolveImplForCJSLoading (node:internal/modules/cjs/loader:1095:10)
    at resolveForCJSWithHooks (node:internal/modules/cjs/loader:1116:12)
    at Module._load (node:internal/modules/cjs/loader:1285:25)
    at wrapModuleLoad (node:internal/modules/cjs/loader:255:19)
    at Module.executeUserEntryPoint [as runMain] (node:internal/modules/run_main:154:5)
    at node:internal/main/run_main_module:33:47 {
  code: 'MODULE_NOT_FOUND',
  requireStack: []
}

Node.js v24.16.0
node:net:2008
    const ex = new UVExceptionWithHostPort(err, 'listen', address, port);
               ^

Error: listen EADDRINUSE: address already in use :::3001
    at Server.setupListenHandle [as _listen2] (node:net:2008:16)
    at listenInCluster (node:net:2065:12)
    at Server.listen (node:net:2170:7)
    at ExpressAdapter.listen (C:\Users\Hipervias - Abel\Documents\GitHub\nexa\node_modules\.pnpm\@nestjs+platform-express@10.4.22_@nestjs+common@10.4.22_class-transformer@0.5.1_class-validat_3e645l3ehqiqb6yhgcfsxu7f44\node_modules\@nestjs\platform-express\adapters\express-adapter.js:95:32)
    at C:\Users\Hipervias - Abel\Documents\GitHub\nexa\node_modules\.pnpm\@nestjs+core@10.4.22_@nestjs+common@10.4.22_class-transformer@0.5.1_class-validator@0.14.4_re_s3zxsgsmsekta3oeycoqskcmia\node_modules\@nestjs\core\nest-application.js:183:30
    at new Promise (<anonymous>)
    at NestApplication.listen (C:\Users\Hipervias - Abel\Documents\GitHub\nexa\node_modules\.pnpm\@nestjs+core@10.4.22_@nestjs+common@10.4.22_class-transformer@0.5.1_class-validator@0.14.4_re_s3zxsgsmsekta3oeycoqskcmia\node_modules\@nestjs\core\nest-application.js:173:16)
    at process.processTicksAndRejections (node:internal/process/task_queues:104:5)
    at async bootstrap (C:\Users\Hipervias - Abel\Documents\GitHub\nexa\apps\backend\src\main.ts:43:3) {
  code: 'EADDRINUSE',
  errno: -4091,
  syscall: 'listen',
  address: '::',
  port: 3001
}

Node.js v24.16.0
node:net:2008
    const ex = new UVExceptionWithHostPort(err, 'listen', address, port);
               ^

Error: listen EADDRINUSE: address already in use :::3001
    at Server.setupListenHandle [as _listen2] (node:net:2008:16)
    at listenInCluster (node:net:2065:12)
    at Server.listen (node:net:2170:7)
    at ExpressAdapter.listen (C:\Users\Hipervias - Abel\Documents\GitHub\nexa\node_modules\.pnpm\@nestjs+platform-express@10.4.22_@nestjs+common@10.4.22_class-transformer@0.5.1_class-validat_3e645l3ehqiqb6yhgcfsxu7f44\node_modules\@nestjs\platform-express\adapters\express-adapter.js:95:32)
    at C:\Users\Hipervias - Abel\Documents\GitHub\nexa\node_modules\.pnpm\@nestjs+core@10.4.22_@nestjs+common@10.4.22_class-transformer@0.5.1_class-validator@0.14.4_re_s3zxsgsmsekta3oeycoqskcmia\node_modules\@nestjs\core\nest-application.js:183:30
    at new Promise (<anonymous>)
    at NestApplication.listen (C:\Users\Hipervias - Abel\Documents\GitHub\nexa\node_modules\.pnpm\@nestjs+core@10.4.22_@nestjs+common@10.4.22_class-transformer@0.5.1_class-validator@0.14.4_re_s3zxsgsmsekta3oeycoqskcmia\node_modules\@nestjs\core\nest-application.js:173:16)
    at process.processTicksAndRejections (node:internal/process/task_queues:104:5)
    at async bootstrap (C:\Users\Hipervias - Abel\Documents\GitHub\nexa\apps\backend\src\main.ts:43:3) {
  code: 'EADDRINUSE',
  errno: -4091,
  syscall: 'listen',
  address: '::',
  port: 3001
}

Node.js v24.16.0
