[09:08:50.895] [32mINFO[39m (19200): [36mStarting Nest application...[39m [90m{"context":"NestFactory"}[39m
[09:08:50.895] [32mINFO[39m (19200): [36mAutonomia inicial: LIGADA[39m [90m{"context":"Autonomy"}[39m
[09:08:50.895] [32mINFO[39m (19200): [36mPrismaModule dependencies initialized[39m [90m{"context":"InstanceLoader"}[39m
[09:08:50.895] [32mINFO[39m (19200): [36mAiModule dependencies initialized[39m [90m{"context":"InstanceLoader"}[39m
[09:08:50.895] [32mINFO[39m (19200): [36mGovernanceModule dependencies initialized[39m [90m{"context":"InstanceLoader"}[39m
[09:08:50.895] [32mINFO[39m (19200): [36mWahaModule dependencies initialized[39m [90m{"context":"InstanceLoader"}[39m
[09:08:50.896] [32mINFO[39m (19200): [36mPassportModule dependencies initialized[39m [90m{"context":"InstanceLoader"}[39m
[09:08:50.896] [32mINFO[39m (19200): [36mThrottlerModule dependencies initialized[39m [90m{"context":"InstanceLoader"}[39m
[09:08:50.896] [32mINFO[39m (19200): [36mJwtModule dependencies initialized[39m [90m{"context":"InstanceLoader"}[39m
[09:08:50.896] [32mINFO[39m (19200): [36mConfigHostModule dependencies initialized[39m [90m{"context":"InstanceLoader"}[39m
[09:08:50.896] [32mINFO[39m (19200): [36mDiscoveryModule dependencies initialized[39m [90m{"context":"InstanceLoader"}[39m
[09:08:50.896] [32mINFO[39m (19200): [36mAuditModule dependencies initialized[39m [90m{"context":"InstanceLoader"}[39m
[09:08:50.896] [32mINFO[39m (19200): [36mEventsModule dependencies initialized[39m [90m{"context":"InstanceLoader"}[39m
[09:08:50.896] [32mINFO[39m (19200): [36mLoggerModule dependencies initialized[39m [90m{"context":"InstanceLoader"}[39m
[09:08:50.896] [32mINFO[39m (19200): [36mConfigModule dependencies initialized[39m [90m{"context":"InstanceLoader"}[39m
[09:08:50.896] [32mINFO[39m (19200): [36mScheduleModule dependencies initialized[39m [90m{"context":"InstanceLoader"}[39m
[09:08:50.896] [32mINFO[39m (19200): [36mEventEmitterModule dependencies initialized[39m [90m{"context":"InstanceLoader"}[39m
[09:08:50.896] [32mINFO[39m (19200): [36mAdminModule dependencies initialized[39m [90m{"context":"InstanceLoader"}[39m
[09:08:50.896] [32mINFO[39m (19200): [36mAppModule dependencies initialized[39m [90m{"context":"InstanceLoader"}[39m
[09:08:50.896] [32mINFO[39m (19200): [36mConnectorsModule dependencies initialized[39m [90m{"context":"InstanceLoader"}[39m
[09:08:50.896] [32mINFO[39m (19200): [36mContactsModule dependencies initialized[39m [90m{"context":"InstanceLoader"}[39m
[09:08:50.896] [32mINFO[39m (19200): [36mConversationsModule dependencies initialized[39m [90m{"context":"InstanceLoader"}[39m
[09:08:50.896] [32mINFO[39m (19200): [36mSellersModule dependencies initialized[39m [90m{"context":"InstanceLoader"}[39m
[09:08:50.896] [32mINFO[39m (19200): [36mPlaybookModule dependencies initialized[39m [90m{"context":"InstanceLoader"}[39m
[09:08:50.896] [32mINFO[39m (19200): [36mNotificationsModule dependencies initialized[39m [90m{"context":"InstanceLoader"}[39m
[09:08:50.896] [32mINFO[39m (19200): [36mMetricsModule dependencies initialized[39m [90m{"context":"InstanceLoader"}[39m
[09:08:50.896] [32mINFO[39m (19200): [36mUsersModule dependencies initialized[39m [90m{"context":"InstanceLoader"}[39m
[09:08:50.896] [32mINFO[39m (19200): [36mWhatsappModule dependencies initialized[39m [90m{"context":"InstanceLoader"}[39m
[09:08:50.896] [32mINFO[39m (19200): [36mActionsModule dependencies initialized[39m [90m{"context":"InstanceLoader"}[39m
[09:08:50.896] [32mINFO[39m (19200): [36mBillingModule dependencies initialized[39m [90m{"context":"InstanceLoader"}[39m
[09:08:50.896] [32mINFO[39m (19200): [36mKnowledgeModule dependencies initialized[39m [90m{"context":"InstanceLoader"}[39m
[09:08:50.896] [32mINFO[39m (19200): [36mFollowUpModule dependencies initialized[39m [90m{"context":"InstanceLoader"}[39m
[09:08:50.896] [32mINFO[39m (19200): [36mAuthModule dependencies initialized[39m [90m{"context":"InstanceLoader"}[39m
[09:08:50.896] [32mINFO[39m (19200): [36mSenderModule dependencies initialized[39m [90m{"context":"InstanceLoader"}[39m
[09:08:50.896] [32mINFO[39m (19200): [36mAgentsModule dependencies initialized[39m [90m{"context":"InstanceLoader"}[39m
[09:08:50.896] [32mINFO[39m (19200): [36mWebSocket /ws inicializado[39m [90m{"context":"ConversationsGateway"}[39m
[09:08:50.896] [32mINFO[39m (19200): [36mConversationsGateway subscribed to the "join" message[39m [90m{"context":"WebSocketsController"}[39m
[09:08:50.896] [32mINFO[39m (19200): [36mHealthController {/api/health}:[39m [90m{"context":"RoutesResolver"}[39m
[09:08:50.896] [32mINFO[39m (19200): [36mMapped {/api/health, GET} route[39m [90m{"context":"RouterExplorer"}[39m
[09:08:50.896] [32mINFO[39m (19200): [36mMapped {/api/health/live, GET} route[39m [90m{"context":"RouterExplorer"}[39m
[09:08:50.896] [32mINFO[39m (19200): [36mMapped {/api/health/ready, GET} route[39m [90m{"context":"RouterExplorer"}[39m
[09:08:50.896] [32mINFO[39m (19200): [36mAuthController {/api/auth}:[39m [90m{"context":"RoutesResolver"}[39m
[09:08:50.896] [32mINFO[39m (19200): [36mMapped {/api/auth/login, POST} route[39m [90m{"context":"RouterExplorer"}[39m
[09:08:50.896] [32mINFO[39m (19200): [36mMapped {/api/auth/refresh, POST} route[39m [90m{"context":"RouterExplorer"}[39m
[09:08:50.896] [32mINFO[39m (19200): [36mMapped {/api/auth/logout, POST} route[39m [90m{"context":"RouterExplorer"}[39m
[09:08:50.896] [32mINFO[39m (19200): [36mMapped {/api/auth/me, GET} route[39m [90m{"context":"RouterExplorer"}[39m
[09:08:50.896] [32mINFO[39m (19200): [36mProductsController {/api}:[39m [90m{"context":"RoutesResolver"}[39m
[09:08:50.896] [32mINFO[39m (19200): [36mMapped {/api/products, GET} route[39m [90m{"context":"RouterExplorer"}[39m
[09:08:50.896] [32mINFO[39m (19200): [36mMapped {/api/products/:code/health, GET} route[39m [90m{"context":"RouterExplorer"}[39m
[09:08:50.896] [32mINFO[39m (19200): [36mMapped {/api/plans, GET} route[39m [90m{"context":"RouterExplorer"}[39m
[09:08:50.896] [32mINFO[39m (19200): [36mContactsController {/api/contacts}:[39m [90m{"context":"RoutesResolver"}[39m
[09:08:50.896] [32mINFO[39m (19200): [36mMapped {/api/contacts, GET} route[39m [90m{"context":"RouterExplorer"}[39m
[09:08:50.896] [32mINFO[39m (19200): [36mMapped {/api/contacts/:id, GET} route[39m [90m{"context":"RouterExplorer"}[39m
[09:08:50.896] [32mINFO[39m (19200): [36mMapped {/api/contacts, POST} route[39m [90m{"context":"RouterExplorer"}[39m
[09:08:50.896] [32mINFO[39m (19200): [36mMapped {/api/contacts/:id, PATCH} route[39m [90m{"context":"RouterExplorer"}[39m
[09:08:50.896] [32mINFO[39m (19200): [36mMapped {/api/contacts/import, POST} route[39m [90m{"context":"RouterExplorer"}[39m
[09:08:50.896] [32mINFO[39m (19200): [36mMapped {/api/contacts/:id, DELETE} route[39m [90m{"context":"RouterExplorer"}[39m
[09:08:50.896] [32mINFO[39m (19200): [36mConversationsController {/api/conversations}:[39m [90m{"context":"RoutesResolver"}[39m
[09:08:50.896] [32mINFO[39m (19200): [36mMapped {/api/conversations, GET} route[39m [90m{"context":"RouterExplorer"}[39m
[09:08:50.896] [32mINFO[39m (19200): [36mMapped {/api/conversations/:id, GET} route[39m [90m{"context":"RouterExplorer"}[39m
[09:08:50.896] [32mINFO[39m (19200): [36mMapped {/api/conversations/:id/messages, GET} route[39m [90m{"context":"RouterExplorer"}[39m
[09:08:50.896] [32mINFO[39m (19200): [36mMapped {/api/conversations, POST} route[39m [90m{"context":"RouterExplorer"}[39m
[09:08:50.896] [32mINFO[39m (19200): [36mMapped {/api/conversations/:id/outcome, PATCH} route[39m [90m{"context":"RouterExplorer"}[39m
[09:08:50.896] [32mINFO[39m (19200): [36mMapped {/api/conversations/:id/messages, POST} route[39m [90m{"context":"RouterExplorer"}[39m
[09:08:50.896] [32mINFO[39m (19200): [36mActionsController {/api/actions}:[39m [90m{"context":"RoutesResolver"}[39m
[09:08:50.896] [32mINFO[39m (19200): [36mMapped {/api/actions, POST} route[39m [90m{"context":"RouterExplorer"}[39m
[09:08:50.896] [32mINFO[39m (19200): [36mMapped {/api/actions/:id, GET} route[39m [90m{"context":"RouterExplorer"}[39m
[09:08:50.896] [32mINFO[39m (19200): [36mBillingController {/api}:[39m [90m{"context":"RoutesResolver"}[39m
[09:08:50.896] [32mINFO[39m (19200): [36mMapped {/api/billing/payment-request, POST} route[39m [90m{"context":"RouterExplorer"}[39m
[09:08:50.896] [32mINFO[39m (19200): [36mMapped {/api/billing/:id, GET} route[39m [90m{"context":"RouterExplorer"}[39m
[09:08:50.896] [32mINFO[39m (19200): [36mMapped {/api/webhooks/asaas, POST} route[39m [90m{"context":"RouterExplorer"}[39m
[09:08:50.896] [32mINFO[39m (19200): [36mKnowledgeController {/api/knowledge}:[39m [90m{"context":"RoutesResolver"}[39m
[09:08:50.896] [32mINFO[39m (19200): [36mMapped {/api/knowledge, GET} route[39m [90m{"context":"RouterExplorer"}[39m
[09:08:50.896] [32mINFO[39m (19200): [36mMapped {/api/knowledge/:id, GET} route[39m [90m{"context":"RouterExplorer"}[39m
[09:08:50.896] [32mINFO[39m (19200): [36mMapped {/api/knowledge, POST} route[39m [90m{"context":"RouterExplorer"}[39m
[09:08:50.896] [32mINFO[39m (19200): [36mMapped {/api/knowledge/import/:productCode, POST} route[39m [90m{"context":"RouterExplorer"}[39m
[09:08:50.896] [32mINFO[39m (19200): [36mMapped {/api/knowledge/:id, PATCH} route[39m [90m{"context":"RouterExplorer"}[39m
[09:08:50.896] [32mINFO[39m (19200): [36mMapped {/api/knowledge/:id, DELETE} route[39m [90m{"context":"RouterExplorer"}[39m
[09:08:50.896] [32mINFO[39m (19200): [36mMapped {/api/knowledge/:id/versions, POST} route[39m [90m{"context":"RouterExplorer"}[39m
[09:08:50.896] [32mINFO[39m (19200): [36mMapped {/api/knowledge/versions/:versionId/approve, POST} route[39m [90m{"context":"RouterExplorer"}[39m
[09:08:50.897] [32mINFO[39m (19200): [36mAgentsController {/api/agent}:[39m [90m{"context":"RoutesResolver"}[39m
[09:08:50.897] [32mINFO[39m (19200): [36mMapped {/api/agent/ask, POST} route[39m [90m{"context":"RouterExplorer"}[39m
[09:08:50.897] [32mINFO[39m (19200): [36mMapped {/api/agent/handle, POST} route[39m [90m{"context":"RouterExplorer"}[39m
[09:08:50.897] [32mINFO[39m (19200): [36mSellersController {/api/sellers}:[39m [90m{"context":"RoutesResolver"}[39m
[09:08:50.897] [32mINFO[39m (19200): [36mMapped {/api/sellers, GET} route[39m [90m{"context":"RouterExplorer"}[39m
[09:08:50.897] [32mINFO[39m (19200): [36mMapped {/api/sellers, POST} route[39m [90m{"context":"RouterExplorer"}[39m
[09:08:50.897] [32mINFO[39m (19200): [36mMapped {/api/sellers/:id/active, PATCH} route[39m [90m{"context":"RouterExplorer"}[39m
[09:08:50.897] [32mINFO[39m (19200): [36mMapped {/api/sellers/:id, PATCH} route[39m [90m{"context":"RouterExplorer"}[39m
[09:08:50.897] [32mINFO[39m (19200): [36mMapped {/api/sellers/:id, DELETE} route[39m [90m{"context":"RouterExplorer"}[39m
[09:08:50.897] [32mINFO[39m (19200): [36mPlaybookController {/api/playbook}:[39m [90m{"context":"RoutesResolver"}[39m
[09:08:50.897] [32mINFO[39m (19200): [36mMapped {/api/playbook, GET} route[39m [90m{"context":"RouterExplorer"}[39m
[09:08:50.897] [32mINFO[39m (19200): [36mMapped {/api/playbook, PUT} route[39m [90m{"context":"RouterExplorer"}[39m
[09:08:50.897] [32mINFO[39m (19200): [36mMapped {/api/playbook/reset, POST} route[39m [90m{"context":"RouterExplorer"}[39m
[09:08:50.897] [32mINFO[39m (19200): [36mNotificationsController {/api/notifications}:[39m [90m{"context":"RoutesResolver"}[39m
[09:08:50.897] [32mINFO[39m (19200): [36mMapped {/api/notifications, GET} route[39m [90m{"context":"RouterExplorer"}[39m
[09:08:50.897] [32mINFO[39m (19200): [36mMapped {/api/notifications/read-all, POST} route[39m [90m{"context":"RouterExplorer"}[39m
[09:08:50.897] [32mINFO[39m (19200): [36mMapped {/api/notifications/:id/read, PATCH} route[39m [90m{"context":"RouterExplorer"}[39m
[09:08:50.897] [32mINFO[39m (19200): [36mAdminController {/api/admin}:[39m [90m{"context":"RoutesResolver"}[39m
[09:08:50.897] [32mINFO[39m (19200): [36mMapped {/api/admin/autonomy, GET} route[39m [90m{"context":"RouterExplorer"}[39m
[09:08:50.897] [32mINFO[39m (19200): [36mMapped {/api/admin/autonomy, POST} route[39m [90m{"context":"RouterExplorer"}[39m
[09:08:50.897] [32mINFO[39m (19200): [36mMetricsController {/api/metrics}:[39m [90m{"context":"RoutesResolver"}[39m
[09:08:50.897] [32mINFO[39m (19200): [36mMapped {/api/metrics/overview, GET} route[39m [90m{"context":"RouterExplorer"}[39m
[09:08:50.897] [32mINFO[39m (19200): [36mMapped {/api/metrics/sellers, GET} route[39m [90m{"context":"RouterExplorer"}[39m
[09:08:50.897] [32mINFO[39m (19200): [36mWhatsappController {/api/webhooks}:[39m [90m{"context":"RoutesResolver"}[39m
[09:08:50.897] [32mINFO[39m (19200): [36mMapped {/api/webhooks/waha, POST} route[39m [90m{"context":"RouterExplorer"}[39m
[09:08:50.897] [32mINFO[39m (19200): [36mFollowUpController {/api/followups}:[39m [90m{"context":"RoutesResolver"}[39m
[09:08:50.897] [32mINFO[39m (19200): [36mMapped {/api/followups, GET} route[39m [90m{"context":"RouterExplorer"}[39m
[09:08:50.897] [32mINFO[39m (19200): [36mSenderController {/api}:[39m [90m{"context":"RoutesResolver"}[39m
[09:08:50.897] [32mINFO[39m (19200): [36mMapped {/api/campaigns, GET} route[39m [90m{"context":"RouterExplorer"}[39m
[09:08:50.897] [32mINFO[39m (19200): [36mMapped {/api/campaigns, POST} route[39m [90m{"context":"RouterExplorer"}[39m
[09:08:50.897] [32mINFO[39m (19200): [36mMapped {/api/campaigns/upload, POST} route[39m [90m{"context":"RouterExplorer"}[39m
[09:08:50.897] [32mINFO[39m (19200): [36mMapped {/api/campaigns/:id/start, POST} route[39m [90m{"context":"RouterExplorer"}[39m
[09:08:50.897] [32mINFO[39m (19200): [36mMapped {/api/campaigns/:id/pause, POST} route[39m [90m{"context":"RouterExplorer"}[39m
[09:08:50.897] [32mINFO[39m (19200): [36mMapped {/api/campaigns/:id, DELETE} route[39m [90m{"context":"RouterExplorer"}[39m
[09:08:50.897] [32mINFO[39m (19200): [36mMapped {/api/sender/numbers, GET} route[39m [90m{"context":"RouterExplorer"}[39m
[09:08:50.897] [32mINFO[39m (19200): [36mUsersController {/api/users}:[39m [90m{"context":"RoutesResolver"}[39m
[09:08:50.897] [32mINFO[39m (19200): [36mMapped {/api/users/areas, GET} route[39m [90m{"context":"RouterExplorer"}[39m
[09:08:50.897] [32mINFO[39m (19200): [36mMapped {/api/users, GET} route[39m [90m{"context":"RouterExplorer"}[39m
[09:08:50.897] [32mINFO[39m (19200): [36mMapped {/api/users, POST} route[39m [90m{"context":"RouterExplorer"}[39m
[09:08:50.897] [32mINFO[39m (19200): [36mMapped {/api/users/:id, PATCH} route[39m [90m{"context":"RouterExplorer"}[39m
[09:08:50.897] [32mINFO[39m (19200): [36mMapped {/api/users/:id/active, PATCH} route[39m [90m{"context":"RouterExplorer"}[39m
[09:08:50.897] [32mINFO[39m (19200): [36mNest application successfully started[39m [90m{"context":"NestApplication"}[39m
[09:08:53.684] [32mINFO[39m (19200): [36mrequest completed[39m [90m{"req":{"method":"GET","url":"/api/metrics/overview?from=2026-05-10&to=2026-06-08"},"correlationId":"99006a70-5379-4400-9bd1-9bda8450d378","res":{"statusCode":304},"responseTime":315}[39m
[09:08:56.141] [32mINFO[39m (19200): [36mrequest completed[39m [90m{"req":{"method":"GET","url":"/api/health"},"correlationId":"b46edb53-69c5-4a38-a35c-1b93bc0228e2","res":{"statusCode":200},"responseTime":9}[39m
[09:09:00.784] [32mINFO[39m (19200): [36mrequest completed[39m [90m{"req":{"method":"GET","url":"/api/sender/numbers"},"correlationId":"d22940d2-f8c8-41f4-95e3-4790bfd58d06","res":{"statusCode":304},"responseTime":25}[39m
[09:09:00.790] [32mINFO[39m (19200): [36mrequest completed[39m [90m{"req":{"method":"GET","url":"/api/notifications"},"correlationId":"8d1989b1-2b8a-4dcd-b095-1875f87c4eed","res":{"statusCode":304},"responseTime":14}[39m
[09:09:00.798] [32mINFO[39m (19200): [36mrequest completed[39m [90m{"req":{"method":"GET","url":"/api/campaigns"},"correlationId":"d90da95e-9720-4206-a7ca-7f7baef286e4","res":{"statusCode":304},"responseTime":29}[39m
[09:09:02.972] [32mINFO[39m (19200): [36mrequest completed[39m [90m{"req":{"method":"GET","url":"/api/metrics/overview?from=2026-05-10&to=2026-06-08"},"correlationId":"e39b6a2f-50a2-4377-a9df-daaf1a874b60","res":{"statusCode":304},"responseTime":22}[39m
[09:09:09.210] [32mINFO[39m (19200): [36mrequest completed[39m [90m{"req":{"method":"GET","url":"/api/notifications"},"correlationId":"9a421063-9718-4938-9f0f-86d4d97236a8","res":{"statusCode":304},"responseTime":21}[39m
[09:09:12.958] [32mINFO[39m (19200): [36mrequest completed[39m [90m{"req":{"method":"GET","url":"/api/metrics/overview?from=2026-05-10&to=2026-06-08"},"correlationId":"5a239309-3f8a-44b2-881e-338b92e337a5","res":{"statusCode":304},"responseTime":18}[39m
[09:09:15.883] [32mINFO[39m (19200): [36mrequest completed[39m [90m{"req":{"method":"POST","url":"/api/auth/login"},"correlationId":"41058aa1-42fa-4e1d-bfe9-c50d53cd26c0","res":{"statusCode":201},"responseTime":195}[39m
[09:09:15.927] [32mINFO[39m (19200): [36mrequest completed[39m [90m{"req":{"method":"POST","url":"/api/sellers"},"correlationId":"7c0322b0-9298-4e1e-88a3-390c186effd3","res":{"statusCode":201},"responseTime":14}[39m
[09:09:16.034] [32mINFO[39m (19200): [36mrequest completed[39m [90m{"req":{"method":"PATCH","url":"/api/sellers/1c71cc59-cca0-41bc-bb1d-7b6ef2519011"},"correlationId":"bf242289-09e5-4ee9-bfd8-ff95089dfdcb","res":{"statusCode":200},"responseTime":19}[39m
[09:09:16.148] [32mINFO[39m (19200): [36mrequest completed[39m [90m{"req":{"method":"DELETE","url":"/api/sellers/1c71cc59-cca0-41bc-bb1d-7b6ef2519011"},"correlationId":"2455cc26-d10d-42ff-b131-bcaf956b8a83","res":{"statusCode":200},"responseTime":88}[39m
[09:09:16.204] [32mINFO[39m (19200): [36mrequest completed[39m [90m{"req":{"method":"POST","url":"/api/knowledge"},"correlationId":"9090ca33-aa0f-42cd-97d8-69b1b33678c3","res":{"statusCode":201},"responseTime":27}[39m
[09:09:16.246] [32mINFO[39m (19200): [36mrequest completed[39m [90m{"req":{"method":"PATCH","url":"/api/knowledge/6aed1748-8000-4bef-86ac-57e4460184b9"},"correlationId":"f414a767-4ec1-4d99-a988-37f9080ec6ec","res":{"statusCode":200},"responseTime":15}[39m
[09:09:16.292] [32mINFO[39m (19200): [36mrequest completed[39m [90m{"req":{"method":"DELETE","url":"/api/knowledge/6aed1748-8000-4bef-86ac-57e4460184b9"},"correlationId":"ecaa5f24-cc6c-4715-8289-18809560d88f","res":{"statusCode":200},"responseTime":20}[39m
[09:09:16.382] [32mINFO[39m (19200): [36mrequest completed[39m [90m{"req":{"method":"POST","url":"/api/campaigns"},"correlationId":"74427dfa-3ba6-4a7d-a6bc-08773d2fbfc7","res":{"statusCode":201},"responseTime":67}[39m
[09:09:16.414] [32mINFO[39m (19200): [36mrequest completed[39m [90m{"req":{"method":"DELETE","url":"/api/campaigns/b4b0457f-dd10-4f77-9d6d-9298a74073dc"},"correlationId":"4ca510c0-ee11-4d0d-aae3-88b1b70c33fc","res":{"statusCode":200},"responseTime":10}[39m
[09:09:23.822] [32mINFO[39m (19200): [36mrequest completed[39m [90m{"req":{"method":"GET","url":"/api/metrics/overview?from=2026-05-10&to=2026-06-08"},"correlationId":"f98cd8c2-3153-4a23-8546-75cb5dc9b71f","res":{"statusCode":304},"responseTime":38}[39m
[09:09:33.804] [32mINFO[39m (19200): [36mrequest completed[39m [90m{"req":{"method":"GET","url":"/api/metrics/overview?from=2026-05-10&to=2026-06-08"},"correlationId":"fedec9e2-6055-4b0e-bb77-dfe63ad5f655","res":{"statusCode":304},"responseTime":20}[39m
[09:09:39.809] [32mINFO[39m (19200): [36mrequest completed[39m [90m{"req":{"method":"GET","url":"/api/notifications"},"correlationId":"a1ab5cba-5e66-4dda-8b80-b0b0a7913f8e","res":{"statusCode":304},"responseTime":19}[39m
[09:09:43.807] [32mINFO[39m (19200): [36mrequest completed[39m [90m{"req":{"method":"GET","url":"/api/metrics/overview?from=2026-05-10&to=2026-06-08"},"correlationId":"c0def253-3d98-4cd6-95b6-31cb261e6fa2","res":{"statusCode":304},"responseTime":40}[39m
[09:09:54.212] [32mINFO[39m (19200): [36mrequest completed[39m [90m{"req":{"method":"GET","url":"/api/metrics/overview?from=2026-05-10&to=2026-06-08"},"correlationId":"588717fc-a7ec-44af-b404-06029cc1ed32","res":{"statusCode":304},"responseTime":47}[39m
[09:10:00.748] [32mINFO[39m (19200): [36mrequest completed[39m [90m{"req":{"method":"GET","url":"/api/sender/numbers"},"correlationId":"7772ab6c-0c5e-4d80-930b-afca20c527df","res":{"statusCode":304},"responseTime":9}[39m
[09:10:00.751] [32mINFO[39m (19200): [36mrequest completed[39m [90m{"req":{"method":"GET","url":"/api/notifications"},"correlationId":"05b70738-f045-4915-98b6-9c3bd6c5e39f","res":{"statusCode":304},"responseTime":10}[39m
[09:10:00.753] [32mINFO[39m (19200): [36mrequest completed[39m [90m{"req":{"method":"GET","url":"/api/campaigns"},"correlationId":"028be9d2-ac7a-440d-9740-6041ab28dc94","res":{"statusCode":304},"responseTime":16}[39m
[09:10:03.817] [32mINFO[39m (19200): [36mrequest completed[39m [90m{"req":{"method":"GET","url":"/api/metrics/overview?from=2026-05-10&to=2026-06-08"},"correlationId":"47c21361-d60e-4d78-bae6-30a0bb7b9e71","res":{"statusCode":304},"responseTime":37}[39m
[09:10:09.791] [32mINFO[39m (19200): [36mrequest completed[39m [90m{"req":{"method":"GET","url":"/api/notifications"},"correlationId":"a01d8576-44fe-4757-9c14-f6c4b906e86a","res":{"statusCode":304},"responseTime":5}[39m
[09:10:13.812] [32mINFO[39m (19200): [36mrequest completed[39m [90m{"req":{"method":"GET","url":"/api/metrics/overview?from=2026-05-10&to=2026-06-08"},"correlationId":"1c109e62-be99-4beb-b016-5691f622447c","res":{"statusCode":304},"responseTime":34}[39m
[09:11:00.743] [32mINFO[39m (19200): [36mrequest completed[39m [90m{"req":{"method":"GET","url":"/api/sender/numbers"},"correlationId":"07cb62a5-d551-46fe-b63f-02f3468abeb7","res":{"statusCode":304},"responseTime":10}[39m
[09:11:00.744] [32mINFO[39m (19200): [36mrequest completed[39m [90m{"req":{"method":"GET","url":"/api/campaigns"},"correlationId":"7e123458-1ff9-47a7-911d-197f2ecd409c","res":{"statusCode":304},"responseTime":13}[39m
[09:11:00.748] [32mINFO[39m (19200): [36mrequest completed[39m [90m{"req":{"method":"GET","url":"/api/notifications"},"correlationId":"0460e653-5ff4-42bb-97ee-6e206bcfe450","res":{"statusCode":304},"responseTime":13}[39m
[09:11:01.189] [32mINFO[39m (19200): [36mrequest completed[39m [90m{"req":{"method":"GET","url":"/api/metrics/overview?from=2026-05-10&to=2026-06-08"},"correlationId":"e1f1b196-f2d7-41ae-8c24-e49399677534","res":{"statusCode":200},"responseTime":17}[39m
[09:11:01.287] [32mINFO[39m (19200): [36mrequest completed[39m [90m{"req":{"method":"GET","url":"/api/notifications"},"correlationId":"c5352d95-6de9-4561-9142-6e2a7c9b6e5b","res":{"statusCode":304},"responseTime":112}[39m
[09:12:00.759] [32mINFO[39m (19200): [36mrequest completed[39m [90m{"req":{"method":"GET","url":"/api/sender/numbers"},"correlationId":"acb1ba2b-aa9f-417e-961b-1158b7ba6705","res":{"statusCode":304},"responseTime":7}[39m
[09:12:00.761] [32mINFO[39m (19200): [36mrequest completed[39m [90m{"req":{"method":"GET","url":"/api/campaigns"},"correlationId":"1a7a64be-9a2d-4372-98d7-3692d7888bed","res":{"statusCode":304},"responseTime":13}[39m
[09:12:00.766] [32mINFO[39m (19200): [36mrequest completed[39m [90m{"req":{"method":"GET","url":"/api/notifications"},"correlationId":"2e3be0b4-6560-40d6-a132-fccd50b752c2","res":{"statusCode":304},"responseTime":13}[39m
[09:12:00.791] [32mINFO[39m (19200): [36mrequest completed[39m [90m{"req":{"method":"GET","url":"/api/notifications"},"correlationId":"11ef00a1-01b9-4078-9057-0dfb9080ac2c","res":{"statusCode":304},"responseTime":7}[39m
[09:12:00.798] [32mINFO[39m (19200): [36mrequest completed[39m [90m{"req":{"method":"GET","url":"/api/metrics/overview?from=2026-05-10&to=2026-06-08"},"correlationId":"bdb97c23-ea05-42d0-94b6-7cbd0ac428d0","res":{"statusCode":304},"responseTime":17}[39m
[09:13:00.756] [32mINFO[39m (19200): [36mrequest completed[39m [90m{"req":{"method":"GET","url":"/api/sender/numbers"},"correlationId":"1b0aaa0f-16d4-4498-a060-d66b8445f032","res":{"statusCode":304},"responseTime":11}[39m
[09:13:00.757] [32mINFO[39m (19200): [36mrequest completed[39m [90m{"req":{"method":"GET","url":"/api/campaigns"},"correlationId":"fe15990c-c9a8-4d92-b818-0eb83435363f","res":{"statusCode":304},"responseTime":14}[39m
[09:13:00.762] [32mINFO[39m (19200): [36mrequest completed[39m [90m{"req":{"method":"GET","url":"/api/notifications"},"correlationId":"bb69a1dd-5f82-416c-a7f9-101a20fce813","res":{"statusCode":304},"responseTime":14}[39m
[09:13:00.799] [32mINFO[39m (19200): [36mrequest completed[39m [90m{"req":{"method":"GET","url":"/api/notifications"},"correlationId":"dac01e71-2a55-464e-8612-985080f4cebc","res":{"statusCode":304},"responseTime":6}[39m
[09:13:00.813] [32mINFO[39m (19200): [36mrequest completed[39m [90m{"req":{"method":"GET","url":"/api/metrics/overview?from=2026-05-10&to=2026-06-08"},"correlationId":"e89b2f01-40ef-4f50-b46b-5d8a45f3eceb","res":{"statusCode":304},"responseTime":19}[39m
[09:14:00.781] [32mINFO[39m (19200): [36mrequest completed[39m [90m{"req":{"method":"GET","url":"/api/campaigns"},"correlationId":"a40010be-3d23-4796-9617-f9c3d178d22f","res":{"statusCode":304},"responseTime":33}[39m
[09:14:01.030] [32mINFO[39m (19200): [36mrequest completed[39m [90m{"req":{"method":"GET","url":"/api/sender/numbers"},"correlationId":"bbc61889-5937-4561-a8c2-5ffa0e242301","res":{"statusCode":304},"responseTime":278}[39m
[09:14:01.039] [32mINFO[39m (19200): [36mrequest completed[39m [90m{"req":{"method":"GET","url":"/api/notifications"},"correlationId":"c099f917-1355-42a6-aa92-6983dc39327a","res":{"statusCode":304},"responseTime":285}[39m
[09:14:01.066] [32mINFO[39m (19200): [36mrequest completed[39m [90m{"req":{"method":"GET","url":"/api/notifications"},"correlationId":"a6d0acaa-e521-440d-a5bd-2c4d471c444f","res":{"statusCode":304},"responseTime":278}[39m
[09:14:01.097] [32mINFO[39m (19200): [36mrequest completed[39m [90m{"req":{"method":"GET","url":"/api/metrics/overview?from=2026-05-10&to=2026-06-08"},"correlationId":"3beaa95d-7d07-43a3-aca1-31532cb31440","res":{"statusCode":304},"responseTime":307}[39m
[09:15:00.778] [32mINFO[39m (19200): [36mrequest completed[39m [90m{"req":{"method":"GET","url":"/api/campaigns"},"correlationId":"3a70ec0d-4cce-46d5-acc9-09382591f547","res":{"statusCode":304},"responseTime":19}[39m
[09:15:00.780] [32mINFO[39m (19200): [36mrequest completed[39m [90m{"req":{"method":"GET","url":"/api/sender/numbers"},"correlationId":"578e6cdd-661c-4601-9a57-b1c6d60e22b0","res":{"statusCode":304},"responseTime":18}[39m
[09:15:00.782] [32mINFO[39m (19200): [36mrequest completed[39m [90m{"req":{"method":"GET","url":"/api/notifications"},"correlationId":"26359ad7-8e20-4f19-be96-40048f680bc7","res":{"statusCode":304},"responseTime":18}[39m
[09:15:00.817] [32mINFO[39m (19200): [36mrequest completed[39m [90m{"req":{"method":"GET","url":"/api/notifications"},"correlationId":"e7f125c7-7796-47b9-aa53-eb7854abc78c","res":{"statusCode":304},"responseTime":15}[39m
[09:15:00.828] [32mINFO[39m (19200): [36mrequest completed[39m [90m{"req":{"method":"GET","url":"/api/metrics/overview?from=2026-05-10&to=2026-06-08"},"correlationId":"f53c56ac-41db-4b77-9d72-8323dd9a830a","res":{"statusCode":304},"responseTime":29}[39m
[09:15:17.896] [32mINFO[39m (19200): [36mWhatsApp enviado p/ 5512988073788 (true_5512988073788@c.us_3EB0AACAA5599F4E57D6F8)[39m [90m{"req":{"method":"POST","url":"/api/webhooks/waha"},"correlationId":"cae7ff09-9ce9-45e4-b734-2726ea7581d1","context":"Conversations"}[39m
[09:15:17.896] [32mINFO[39m (19200): [36mDecisão IA p/ 5512988073788: agente=sales score=15 autoSent=true[39m [90m{"req":{"method":"POST","url":"/api/webhooks/waha"},"correlationId":"cae7ff09-9ce9-45e4-b734-2726ea7581d1","context":"WhatsApp"}[39m
[09:15:17.897] [32mINFO[39m (19200): [36mrequest completed[39m [90m{"req":{"method":"POST","url":"/api/webhooks/waha"},"correlationId":"cae7ff09-9ce9-45e4-b734-2726ea7581d1","res":{"statusCode":201},"responseTime":9728}[39m
[09:15:32.551] [32mINFO[39m (19200): [36mrequest completed[39m [90m{"req":{"method":"POST","url":"/api/webhooks/waha"},"correlationId":"7e6ef533-bedb-4cf3-870e-b2422ba4f318","res":{"statusCode":201},"responseTime":8}[39m
[09:16:00.018] [32mINFO[39m (19200): [36mrequest completed[39m [90m{"req":{"method":"POST","url":"/api/webhooks/waha"},"correlationId":"2107c69d-aa15-4daf-8284-8a48ce5ba58f","res":{"statusCode":201},"responseTime":6}[39m
[09:16:00.738] [32mINFO[39m (19200): [36mrequest completed[39m [90m{"req":{"method":"GET","url":"/api/campaigns"},"correlationId":"91c0e82a-ae97-42d3-b39d-873838616d13","res":{"statusCode":401},"responseTime":2}[39m
[09:16:00.740] [32mINFO[39m (19200): [36mrequest completed[39m [90m{"req":{"method":"GET","url":"/api/sender/numbers"},"correlationId":"3af792a4-7c14-4383-858e-ff3d577478d3","res":{"statusCode":401},"responseTime":0}[39m
[09:16:00.741] [32mINFO[39m (19200): [36mrequest completed[39m [90m{"req":{"method":"GET","url":"/api/notifications"},"correlationId":"a2aa80ff-1ff9-4eb1-8c1a-b7f6054381d8","res":{"statusCode":401},"responseTime":0}[39m
[09:16:00.795] [32mINFO[39m (19200): [36mrequest completed[39m [90m{"req":{"method":"GET","url":"/api/notifications"},"correlationId":"27b8d940-ba0f-41c6-a765-07cb39c436cb","res":{"statusCode":304},"responseTime":9}[39m
[09:16:00.805] [32mINFO[39m (19200): [36mrequest completed[39m [90m{"req":{"method":"GET","url":"/api/metrics/overview?from=2026-05-10&to=2026-06-08"},"correlationId":"81e49aea-ccb2-4e3a-87af-084074ddee9d","res":{"statusCode":200},"responseTime":20}[39m
[09:16:00.971] [32mINFO[39m (19200): [36mrequest completed[39m [90m{"req":{"method":"POST","url":"/api/auth/refresh"},"correlationId":"32d4e921-11b7-4e9f-af9e-f48c1e747f57","res":{"statusCode":201},"responseTime":223}[39m
[09:16:00.987] [32mINFO[39m (19200): [36mrequest completed[39m [90m{"req":{"method":"GET","url":"/api/sender/numbers"},"correlationId":"21844a20-ec28-41b2-b261-726f8d8a642a","res":{"statusCode":304},"responseTime":3}[39m
[09:16:00.989] [32mINFO[39m (19200): [36mrequest completed[39m [90m{"req":{"method":"GET","url":"/api/notifications"},"correlationId":"b2d9b658-63f8-4fa8-9842-a9122f9bce8c","res":{"statusCode":304},"responseTime":4}[39m
[09:16:00.996] [32mINFO[39m (19200): [36mrequest completed[39m [90m{"req":{"method":"GET","url":"/api/campaigns"},"correlationId":"4319cf9c-3735-466a-8a95-2bebb1a3b734","res":{"statusCode":304},"responseTime":13}[39m
[09:17:00.746] [32mINFO[39m (19200): [36mrequest completed[39m [90m{"req":{"method":"GET","url":"/api/campaigns"},"correlationId":"1fa0323b-10eb-404a-bd86-293636d1137a","res":{"statusCode":304},"responseTime":8}[39m
[09:17:00.750] [32mINFO[39m (19200): [36mrequest completed[39m [90m{"req":{"method":"GET","url":"/api/notifications"},"correlationId":"aac6d72b-e0fc-4acd-8b6c-2d0b8f0cd592","res":{"statusCode":304},"responseTime":9}[39m
[09:17:00.750] [32mINFO[39m (19200): [36mrequest completed[39m [90m{"req":{"method":"GET","url":"/api/sender/numbers"},"correlationId":"caececc6-5782-4d2e-aa86-5da902ff6b42","res":{"statusCode":304},"responseTime":10}[39m
[09:17:00.784] [32mINFO[39m (19200): [36mrequest completed[39m [90m{"req":{"method":"GET","url":"/api/notifications"},"correlationId":"785284ab-b2e8-4176-b0b9-65ab014d5e96","res":{"statusCode":304},"responseTime":7}[39m
[09:17:00.888] [32mINFO[39m (19200): [36mrequest completed[39m [90m{"req":{"method":"GET","url":"/api/metrics/overview?from=2026-05-10&to=2026-06-08"},"correlationId":"0cd2c299-c167-447f-aba8-9d07016e8cf1","res":{"statusCode":304},"responseTime":115}[39m
[09:18:00.774] [32mINFO[39m (19200): [36mrequest completed[39m [90m{"req":{"method":"GET","url":"/api/campaigns"},"correlationId":"62bc96ef-bf0d-434d-bcb4-0290bcd1dcc1","res":{"statusCode":304},"responseTime":22}[39m
[09:18:00.775] [32mINFO[39m (19200): [36mrequest completed[39m [90m{"req":{"method":"GET","url":"/api/notifications"},"correlationId":"86e5e32e-fa88-411c-9354-4c70130596fe","res":{"statusCode":304},"responseTime":14}[39m
[09:18:00.778] [32mINFO[39m (19200): [36mrequest completed[39m [90m{"req":{"method":"GET","url":"/api/sender/numbers"},"correlationId":"95a53c04-594d-44f8-911b-d2b6b0228253","res":{"statusCode":304},"responseTime":19}[39m
[09:18:00.797] [32mINFO[39m (19200): [36mrequest completed[39m [90m{"req":{"method":"GET","url":"/api/notifications"},"correlationId":"0a63990c-7d44-42cd-b4dc-5baf5f20df22","res":{"statusCode":401},"responseTime":1}[39m
[09:18:00.799] [32mINFO[39m (19200): [36mrequest completed[39m [90m{"req":{"method":"GET","url":"/api/metrics/overview?from=2026-05-10&to=2026-06-08"},"correlationId":"f018054c-2e15-4f4c-a0c9-dee4f323577e","res":{"statusCode":401},"responseTime":1}[39m
[09:18:01.117] [32mINFO[39m (19200): [36mrequest completed[39m [90m{"req":{"method":"POST","url":"/api/auth/refresh"},"correlationId":"7e976a8e-8a52-43f3-b23a-72aa9f9e273b","res":{"statusCode":201},"responseTime":257}[39m
[09:18:01.206] [32mINFO[39m (19200): [36mrequest completed[39m [90m{"req":{"method":"GET","url":"/api/notifications"},"correlationId":"44a2679e-3673-4dc0-aab6-d182ecd9885c","res":{"statusCode":304},"responseTime":23}[39m
[09:18:01.234] [32mINFO[39m (19200): [36mrequest completed[39m [90m{"req":{"method":"GET","url":"/api/metrics/overview?from=2026-05-10&to=2026-06-08"},"correlationId":"1cf1dc0c-6b3e-4967-a9bb-8d2ef16bbd2d","res":{"statusCode":304},"responseTime":44}[39m
[09:19:00.758] [32mINFO[39m (19200): [36mrequest completed[39m [90m{"req":{"method":"GET","url":"/api/sender/numbers"},"correlationId":"faf9d810-8a56-4408-8640-56ed633a4098","res":{"statusCode":304},"responseTime":7}[39m
[09:19:00.767] [32mINFO[39m (19200): [36mrequest completed[39m [90m{"req":{"method":"GET","url":"/api/campaigns"},"correlationId":"910c7621-9eb4-4ed9-80cf-40cee7ee1ce1","res":{"statusCode":304},"responseTime":18}[39m
[09:19:00.768] [32mINFO[39m (19200): [36mrequest completed[39m [90m{"req":{"method":"GET","url":"/api/notifications"},"correlationId":"cadac7c7-0755-4fef-bf93-4a88bb7dfa81","res":{"statusCode":304},"responseTime":15}[39m
[09:19:00.797] [32mINFO[39m (19200): [36mrequest completed[39m [90m{"req":{"method":"GET","url":"/api/notifications"},"correlationId":"34de2a57-19ee-4989-a24e-9e2d32dae346","res":{"statusCode":304},"responseTime":8}[39m
[09:19:00.911] [32mINFO[39m (19200): [36mrequest completed[39m [90m{"req":{"method":"GET","url":"/api/metrics/overview?from=2026-05-10&to=2026-06-08"},"correlationId":"a26afb83-5c54-4be6-a421-e61d32f28a96","res":{"statusCode":304},"responseTime":119}[39m
[09:20:00.765] [32mINFO[39m (19200): [36mrequest completed[39m [90m{"req":{"method":"GET","url":"/api/sender/numbers"},"correlationId":"cfb4e800-8019-4544-ad94-1b4020478618","res":{"statusCode":304},"responseTime":14}[39m
[09:20:00.769] [32mINFO[39m (19200): [36mrequest completed[39m [90m{"req":{"method":"GET","url":"/api/campaigns"},"correlationId":"b8fb496e-c66f-4ab9-a1e1-2a1a78d43ee5","res":{"statusCode":304},"responseTime":24}[39m
[09:20:00.821] [32mINFO[39m (19200): [36mrequest completed[39m [90m{"req":{"method":"GET","url":"/api/notifications"},"correlationId":"efcb305e-b6ee-4fda-8eb9-49afb396399d","res":{"statusCode":304},"responseTime":24}[39m
[09:20:00.999] [32mINFO[39m (19200): [36mrequest completed[39m [90m{"req":{"method":"GET","url":"/api/notifications"},"correlationId":"75f76234-bb09-4efe-9de3-0800c7b28211","res":{"statusCode":304},"responseTime":246}[39m
[09:20:01.095] [32mINFO[39m (19200): [36mrequest completed[39m [90m{"req":{"method":"GET","url":"/api/metrics/overview?from=2026-05-10&to=2026-06-08"},"correlationId":"bc45a91e-2de8-4dcc-a842-a21a3998d029","res":{"statusCode":304},"responseTime":300}[39m
[09:21:00.762] [32mINFO[39m (19200): [36mrequest completed[39m [90m{"req":{"method":"GET","url":"/api/campaigns"},"correlationId":"16b3e052-af64-44d0-981b-235e4649c7d2","res":{"statusCode":304},"responseTime":13}[39m
[09:21:00.763] [32mINFO[39m (19200): [36mrequest completed[39m [90m{"req":{"method":"GET","url":"/api/sender/numbers"},"correlationId":"2d75bf4f-0296-43e8-828f-c844cd5a1ffc","res":{"statusCode":304},"responseTime":12}[39m
[09:21:00.767] [32mINFO[39m (19200): [36mrequest completed[39m [90m{"req":{"method":"GET","url":"/api/notifications"},"correlationId":"86501ff4-4106-4b2d-962f-f08e3bafaa3f","res":{"statusCode":304},"responseTime":13}[39m
[09:21:00.816] [32mINFO[39m (19200): [36mrequest completed[39m [90m{"req":{"method":"GET","url":"/api/notifications"},"correlationId":"21330255-0fe0-4a67-9433-b3c57d3477df","res":{"statusCode":304},"responseTime":10}[39m
[09:21:00.826] [32mINFO[39m (19200): [36mrequest completed[39m [90m{"req":{"method":"GET","url":"/api/metrics/overview?from=2026-05-10&to=2026-06-08"},"correlationId":"ae6dadfd-de7b-43c9-a6d4-7351acda904e","res":{"statusCode":304},"responseTime":22}[39m
[09:22:00.750] [32mINFO[39m (19200): [36mrequest completed[39m [90m{"req":{"method":"GET","url":"/api/sender/numbers"},"correlationId":"bbc2bdad-bf28-46d3-b3e0-5cf0af608397","res":{"statusCode":304},"responseTime":8}[39m
[09:22:00.754] [32mINFO[39m (19200): [36mrequest completed[39m [90m{"req":{"method":"GET","url":"/api/campaigns"},"correlationId":"486d12cf-9132-4cbb-97e2-3373a47495c0","res":{"statusCode":304},"responseTime":14}[39m
[09:22:00.758] [32mINFO[39m (19200): [36mrequest completed[39m [90m{"req":{"method":"GET","url":"/api/notifications"},"correlationId":"79b60f7e-2ca2-4eeb-8591-3d1d1b264520","res":{"statusCode":304},"responseTime":13}[39m
[09:22:00.785] [32mINFO[39m (19200): [36mrequest completed[39m [90m{"req":{"method":"GET","url":"/api/notifications"},"correlationId":"94aad4a1-f40a-4bef-a01e-5300b9e07620","res":{"statusCode":304},"responseTime":5}[39m
[09:22:00.806] [32mINFO[39m (19200): [36mrequest completed[39m [90m{"req":{"method":"GET","url":"/api/metrics/overview?from=2026-05-10&to=2026-06-08"},"correlationId":"b5969be4-6629-429c-9348-58c035a6850b","res":{"statusCode":304},"responseTime":25}[39m
[09:23:00.413] [32mINFO[39m (19200): [36mrequest completed[39m [90m{"req":{"method":"GET","url":"/api/metrics/overview?from=2026-05-10&to=2026-06-08"},"correlationId":"fbdc4f00-2f32-4f47-b173-97a5ddbe3594","res":{"statusCode":304},"responseTime":27}[39m
[09:23:00.502] [32mINFO[39m (19200): [36mrequest completed[39m [90m{"req":{"method":"GET","url":"/api/notifications"},"correlationId":"4cbc2a9a-e6c0-4927-ade3-725bd3548038","res":{"statusCode":304},"responseTime":112}[39m
[09:23:00.747] [32mINFO[39m (19200): [36mrequest completed[39m [90m{"req":{"method":"GET","url":"/api/sender/numbers"},"correlationId":"91db151e-d6cd-46c6-ab5b-37a5510718c7","res":{"statusCode":304},"responseTime":8}[39m
[09:23:00.749] [32mINFO[39m (19200): [36mrequest completed[39m [90m{"req":{"method":"GET","url":"/api/notifications"},"correlationId":"204e9123-b74b-45e2-9213-d91d81c32f89","res":{"statusCode":304},"responseTime":8}[39m
[09:23:00.752] [32mINFO[39m (19200): [36mrequest completed[39m [90m{"req":{"method":"GET","url":"/api/campaigns"},"correlationId":"19f15e30-b59b-4065-b79f-9c2e30a0bfcf","res":{"statusCode":304},"responseTime":15}[39m
[09:23:03.775] [32mINFO[39m (19200): [36mrequest completed[39m [90m{"req":{"method":"GET","url":"/api/metrics/overview?from=2026-05-10&to=2026-06-08"},"correlationId":"c2c3b2e0-a0be-4cb6-8e7c-c71d96353eb3","res":{"statusCode":304},"responseTime":17}[39m
[09:23:09.788] [32mINFO[39m (19200): [36mrequest completed[39m [90m{"req":{"method":"GET","url":"/api/notifications"},"correlationId":"3102055d-e950-4b09-aa07-8766b2b73455","res":{"statusCode":304},"responseTime":7}[39m
[09:23:13.776] [32mINFO[39m (19200): [36mrequest completed[39m [90m{"req":{"method":"GET","url":"/api/metrics/overview?from=2026-05-10&to=2026-06-08"},"correlationId":"035686d7-e865-4164-87ff-af07707002c9","res":{"statusCode":304},"responseTime":17}[39m
[09:23:22.964] [32mINFO[39m (19200): [36mrequest completed[39m [90m{"req":{"method":"GET","url":"/api/metrics/overview?from=2026-05-10&to=2026-06-08"},"correlationId":"325cd632-7985-4084-880d-309981918015","res":{"statusCode":304},"responseTime":15}[39m
[09:23:26.296] [32mINFO[39m (19200): [36mrequest completed[39m [90m{"req":{"method":"GET","url":"/api/sellers"},"correlationId":"5bec0c2b-dd8b-4735-9857-34050187678b","res":{"statusCode":200},"responseTime":8}[39m
[09:23:26.303] [32mINFO[39m (19200): [36mrequest completed[39m [90m{"req":{"method":"GET","url":"/api/metrics/sellers"},"correlationId":"30f73a6b-bffb-49e6-8a5d-abd3b5d4657a","res":{"statusCode":200},"responseTime":14}[39m
[09:23:26.555] [32mINFO[39m (19200): [36mrequest completed[39m [90m{"req":{"method":"GET","url":"/api/sellers"},"correlationId":"4ec28453-bbb3-4037-b71f-85e5b131d7e9","res":{"statusCode":304},"responseTime":4}[39m
[09:23:26.565] [32mINFO[39m (19200): [36mrequest completed[39m [90m{"req":{"method":"GET","url":"/api/metrics/sellers"},"correlationId":"403982b4-015d-44f4-9f5a-0dd542d47157","res":{"statusCode":304},"responseTime":7}[39m
[09:23:27.318] [32mINFO[39m (19200): [36mrequest completed[39m [90m{"req":{"method":"GET","url":"/api/contacts?limit=100"},"correlationId":"b4f1dda1-f9bf-47e3-bc9f-138568e59b58","res":{"statusCode":200},"responseTime":6}[39m
[09:23:27.595] [32mINFO[39m (19200): [36mrequest completed[39m [90m{"req":{"method":"GET","url":"/api/contacts?limit=100"},"correlationId":"651efe3e-3082-47e2-869c-4724c2e4ae7f","res":{"statusCode":304},"responseTime":5}[39m
[09:23:39.793] [32mINFO[39m (19200): [36mrequest completed[39m [90m{"req":{"method":"GET","url":"/api/notifications"},"correlationId":"3dd2e94d-73a7-4882-bdc5-c390ada66a13","res":{"statusCode":304},"responseTime":13}[39m
[09:24:00.768] [32mINFO[39m (19200): [36mrequest completed[39m [90m{"req":{"method":"GET","url":"/api/notifications"},"correlationId":"833216ee-7459-4b3e-bdf8-58ab2362a56a","res":{"statusCode":304},"responseTime":13}[39m
[09:24:00.771] [32mINFO[39m (19200): [36mrequest completed[39m [90m{"req":{"method":"GET","url":"/api/campaigns"},"correlationId":"8b151dbc-605e-414a-a749-300bcb8599f7","res":{"statusCode":304},"responseTime":23}[39m
[09:24:00.772] [32mINFO[39m (19200): [36mrequest completed[39m [90m{"req":{"method":"GET","url":"/api/sender/numbers"},"correlationId":"ad05edec-7a95-4eac-aa71-79b5474c6ae5","res":{"statusCode":304},"responseTime":20}[39m
[09:24:10.196] [32mINFO[39m (19200): [36mrequest completed[39m [90m{"req":{"method":"GET","url":"/api/notifications"},"correlationId":"1c48fc9a-abfc-49d7-8ee2-4b62439a6683","res":{"statusCode":304},"responseTime":18}[39m
[09:25:00.767] [32mINFO[39m (19200): [36mrequest completed[39m [90m{"req":{"method":"GET","url":"/api/sender/numbers"},"correlationId":"9963cc4a-3dfd-40ab-a99a-ab9284df934b","res":{"statusCode":304},"responseTime":13}[39m
[09:25:00.770] [32mINFO[39m (19200): [36mrequest completed[39m [90m{"req":{"method":"GET","url":"/api/campaigns"},"correlationId":"e2fe9860-22ed-4b07-b7f7-aeed7ea54f48","res":{"statusCode":304},"responseTime":20}[39m
[09:25:00.774] [32mINFO[39m (19200): [36mrequest completed[39m [90m{"req":{"method":"GET","url":"/api/notifications"},"correlationId":"63fea53a-3f28-4b83-bd5e-53c2662481f0","res":{"statusCode":304},"responseTime":17}[39m
[09:25:00.794] [32mINFO[39m (19200): [36mrequest completed[39m [90m{"req":{"method":"GET","url":"/api/notifications"},"correlationId":"0c577d46-522a-4eb4-a19c-4344d13c7592","res":{"statusCode":304},"responseTime":5}[39m
[09:26:00.751] [32mINFO[39m (19200): [36mrequest completed[39m [90m{"req":{"method":"GET","url":"/api/sender/numbers"},"correlationId":"b5189880-1381-4bf3-beb4-3df6416e58c6","res":{"statusCode":304},"responseTime":10}[39m
[09:26:00.875] [32mINFO[39m (19200): [36mrequest completed[39m [90m{"req":{"method":"GET","url":"/api/notifications"},"correlationId":"44471cbd-db87-4caf-ad8e-2a408acadbb1","res":{"statusCode":304},"responseTime":132}[39m
[09:26:00.883] [32mINFO[39m (19200): [36mrequest completed[39m [90m{"req":{"method":"GET","url":"/api/campaigns"},"correlationId":"d2df988b-0cbe-4f84-93ac-c5714c8264c0","res":{"statusCode":304},"responseTime":148}[39m
[09:26:01.176] [32mINFO[39m (19200): [36mrequest completed[39m [90m{"req":{"method":"GET","url":"/api/notifications"},"correlationId":"6e3810e0-ff51-4acf-8a91-2f51959c113b","res":{"statusCode":304},"responseTime":11}[39m
[09:27:00.753] [32mINFO[39m (19200): [36mrequest completed[39m [90m{"req":{"method":"GET","url":"/api/campaigns"},"correlationId":"4d17d59b-45f0-4b4d-804f-120a45a16f20","res":{"statusCode":304},"responseTime":11}[39m
[09:27:00.756] [32mINFO[39m (19200): [36mrequest completed[39m [90m{"req":{"method":"GET","url":"/api/sender/numbers"},"correlationId":"e0f50ae1-b508-4154-a8b5-02e4552ca796","res":{"statusCode":304},"responseTime":11}[39m
[09:27:00.758] [32mINFO[39m (19200): [36mrequest completed[39m [90m{"req":{"method":"GET","url":"/api/notifications"},"correlationId":"ac5a7210-7d14-4840-8e00-12fb0074a9b1","res":{"statusCode":304},"responseTime":11}[39m
[09:27:00.786] [32mINFO[39m (19200): [36mrequest completed[39m [90m{"req":{"method":"GET","url":"/api/notifications"},"correlationId":"0d65a113-0ce6-423c-987b-a5ab1ec7e33c","res":{"statusCode":304},"responseTime":4}[39m
[09:28:00.772] [32mINFO[39m (19200): [36mrequest completed[39m [90m{"req":{"method":"GET","url":"/api/sender/numbers"},"correlationId":"827fe397-54cd-47a4-bbc1-628db8170b38","res":{"statusCode":304},"responseTime":14}[39m
[09:28:00.777] [32mINFO[39m (19200): [36mrequest completed[39m [90m{"req":{"method":"GET","url":"/api/campaigns"},"correlationId":"a2b8150e-3de4-4b38-83a3-d691e1d4ebc1","res":{"statusCode":304},"responseTime":22}[39m
[09:28:00.806] [32mINFO[39m (19200): [36mrequest completed[39m [90m{"req":{"method":"GET","url":"/api/notifications"},"correlationId":"8af596e0-46bd-4564-b53f-be539982d69b","res":{"statusCode":304},"responseTime":8}[39m
[09:28:00.887] [32mINFO[39m (19200): [36mrequest completed[39m [90m{"req":{"method":"GET","url":"/api/notifications"},"correlationId":"69050023-684d-4524-80ea-89e7dfa4d490","res":{"statusCode":304},"responseTime":126}[39m
[09:29:00.762] [32mINFO[39m (19200): [36mrequest completed[39m [90m{"req":{"method":"GET","url":"/api/notifications"},"correlationId":"676ec5fa-c217-4343-983d-90c2206bbefe","res":{"statusCode":304},"responseTime":8}[39m
[09:29:00.763] [32mINFO[39m (19200): [36mrequest completed[39m [90m{"req":{"method":"GET","url":"/api/campaigns"},"correlationId":"166fd0b4-d91f-4c54-b53f-fe48ab03beb5","res":{"statusCode":304},"responseTime":15}[39m
[09:29:00.764] [32mINFO[39m (19200): [36mrequest completed[39m [90m{"req":{"method":"GET","url":"/api/sender/numbers"},"correlationId":"7fd48baa-e45f-436f-8c75-64d89e9d1e01","res":{"statusCode":304},"responseTime":13}[39m
[09:29:00.791] [32mINFO[39m (19200): [36mrequest completed[39m [90m{"req":{"method":"GET","url":"/api/notifications"},"correlationId":"13dc902d-869f-4621-923d-44894f64aaa5","res":{"statusCode":304},"responseTime":6}[39m
[09:30:00.775] [32mINFO[39m (19200): [36mrequest completed[39m [90m{"req":{"method":"GET","url":"/api/sender/numbers"},"correlationId":"d9da3497-d5b2-4d43-b443-df5694f3696b","res":{"statusCode":304},"responseTime":16}[39m
[09:30:00.777] [32mINFO[39m (19200): [36mrequest completed[39m [90m{"req":{"method":"GET","url":"/api/notifications"},"correlationId":"ec236a66-412e-40cc-8950-61569726b711","res":{"statusCode":304},"responseTime":15}[39m
[09:30:00.779] [32mINFO[39m (19200): [36mrequest completed[39m [90m{"req":{"method":"GET","url":"/api/campaigns"},"correlationId":"785932f9-6e54-4759-afdf-37c1b4a660c1","res":{"statusCode":304},"responseTime":24}[39m
[09:30:00.790] [32mINFO[39m (19200): [36mrequest completed[39m [90m{"req":{"method":"GET","url":"/api/notifications"},"correlationId":"74a6c9bc-9ada-47f0-b531-7b6338d7c105","res":{"statusCode":304},"responseTime":5}[39m
[09:30:09.219] [32mINFO[39m (19200): [36mrequest completed[39m [90m{"req":{"method":"GET","url":"/api/notifications"},"correlationId":"935f12eb-43bc-40fb-accf-9cfbcaf4450f","res":{"statusCode":304},"responseTime":20}[39m
[09:30:09.499] [32mINFO[39m (19200): [36mrequest completed[39m [90m{"req":{"method":"GET","url":"/api/knowledge?limit=100"},"correlationId":"3cebcf77-0fa7-4fdc-9f1c-b61c5ac8199a","res":{"statusCode":200},"responseTime":12}[39m
[09:30:09.751] [32mINFO[39m (19200): [36mrequest completed[39m [90m{"req":{"method":"GET","url":"/api/knowledge?limit=100"},"correlationId":"5232b4da-4c4c-4331-9407-664460988277","res":{"statusCode":304},"responseTime":8}[39m
[09:30:12.992] [32mINFO[39m (19200): [36mImport hipertms: 0 novos, 0 atualizados (5 recebidos)[39m [90m{"req":{"method":"POST","url":"/api/knowledge/import/hipertms"},"correlationId":"3e11c552-e9ba-45f0-b31c-a7c95329191d","context":"KnowledgeService"}[39m
[09:30:12.993] [32mINFO[39m (19200): [36mrequest completed[39m [90m{"req":{"method":"POST","url":"/api/knowledge/import/hipertms"},"correlationId":"3e11c552-e9ba-45f0-b31c-a7c95329191d","res":{"statusCode":201},"responseTime":12}[39m
[09:30:13.050] [32mINFO[39m (19200): [36mrequest completed[39m [90m{"req":{"method":"GET","url":"/api/knowledge?limit=100"},"correlationId":"bfe3411c-4f08-4b65-828d-223d953c6840","res":{"statusCode":304},"responseTime":5}[39m
[09:30:15.618] [32mINFO[39m (19200): [36mrequest completed[39m [90m{"req":{"method":"GET","url":"/api/sellers"},"correlationId":"d35b92d8-a785-4f1d-91b4-a2fd2a1dc4ba","res":{"statusCode":304},"responseTime":8}[39m
[09:30:15.623] [32mINFO[39m (19200): [36mrequest completed[39m [90m{"req":{"method":"GET","url":"/api/metrics/sellers"},"correlationId":"7ac4d9a2-0a0a-47e4-94c8-b47c501a7427","res":{"statusCode":304},"responseTime":14}[39m
[09:30:15.875] [32mINFO[39m (19200): [36mrequest completed[39m [90m{"req":{"method":"GET","url":"/api/sellers"},"correlationId":"794018e7-b9d9-4308-a3af-b6518d7e790d","res":{"statusCode":304},"responseTime":7}[39m
[09:30:15.883] [32mINFO[39m (19200): [36mrequest completed[39m [90m{"req":{"method":"GET","url":"/api/metrics/sellers"},"correlationId":"3918486d-26de-451e-b28c-e579ff9a9919","res":{"statusCode":304},"responseTime":6}[39m
[09:30:16.519] [32mINFO[39m (19200): [36mrequest completed[39m [90m{"req":{"method":"GET","url":"/api/sender/numbers"},"correlationId":"e4fbb432-5e1f-409e-bb22-c41b5a698feb","res":{"statusCode":304},"responseTime":7}[39m
[09:30:16.531] [32mINFO[39m (19200): [36mrequest completed[39m [90m{"req":{"method":"GET","url":"/api/campaigns"},"correlationId":"0ace3423-e06b-4432-9c8b-0ce9f092410a","res":{"statusCode":304},"responseTime":8}[39m
[09:30:16.762] [32mINFO[39m (19200): [36mrequest completed[39m [90m{"req":{"method":"GET","url":"/api/sender/numbers"},"correlationId":"d90185f9-05d7-4179-95d1-2d67b4fb660b","res":{"statusCode":304},"responseTime":4}[39m
[09:30:16.775] [32mINFO[39m (19200): [36mrequest completed[39m [90m{"req":{"method":"GET","url":"/api/campaigns"},"correlationId":"df6eb0f7-1caa-4dac-9bc5-e89098618481","res":{"statusCode":304},"responseTime":7}[39m
[09:30:23.445] [32mINFO[39m (19200): [36mrequest completed[39m [90m{"req":{"method":"GET","url":"/api/playbook"},"correlationId":"f1d5d68d-a033-4816-96d8-d158050b9d75","res":{"statusCode":200},"responseTime":8}[39m
[09:30:23.705] [32mINFO[39m (19200): [36mrequest completed[39m [90m{"req":{"method":"GET","url":"/api/playbook"},"correlationId":"db14bff3-a6d1-441a-9fff-c53b763fd17e","res":{"statusCode":304},"responseTime":5}[39m
[09:30:25.328] [32mINFO[39m (19200): [36mrequest completed[39m [90m{"req":{"method":"GET","url":"/api/users"},"correlationId":"5296bad9-5ed7-4238-b443-947f32933b59","res":{"statusCode":200},"responseTime":10}[39m
[09:30:25.583] [32mINFO[39m (19200): [36mrequest completed[39m [90m{"req":{"method":"GET","url":"/api/users"},"correlationId":"72c6e037-3a28-4c24-bc61-18e2bbf5fed4","res":{"statusCode":304},"responseTime":9}[39m
[09:30:27.210] [32mINFO[39m (19200): [36mrequest completed[39m [90m{"req":{"method":"GET","url":"/api/metrics/overview?from=2026-05-10&to=2026-06-08"},"correlationId":"1b764025-f545-42fb-89ea-8d1a5b3e9ea9","res":{"statusCode":304},"responseTime":252}[39m
[09:30:27.487] [32mINFO[39m (19200): [36mrequest completed[39m [90m{"req":{"method":"GET","url":"/api/metrics/overview?from=2026-05-10&to=2026-06-08"},"correlationId":"f477cc01-6f69-4ccf-b354-8bac45ba22d7","res":{"statusCode":304},"responseTime":42}[39m
[09:30:33.972] [32mINFO[39m (19200): [36mrequest completed[39m [90m{"req":{"method":"GET","url":"/api/sellers"},"correlationId":"429ec138-f3ba-4743-8b36-ba7a706f88f4","res":{"statusCode":304},"responseTime":7}[39m
[09:30:33.979] [32mINFO[39m (19200): [36mrequest completed[39m [90m{"req":{"method":"GET","url":"/api/metrics/sellers"},"correlationId":"2424fa16-bd0f-4196-8417-a0e86882fdca","res":{"statusCode":304},"responseTime":12}[39m
[09:30:34.024] [32mINFO[39m (19200): [36mrequest completed[39m [90m{"req":{"method":"GET","url":"/api/sellers"},"correlationId":"4d7780df-195e-4991-ab95-4d54a07cf1ae","res":{"statusCode":304},"responseTime":5}[39m
[09:30:34.032] [32mINFO[39m (19200): [36mrequest completed[39m [90m{"req":{"method":"GET","url":"/api/metrics/sellers"},"correlationId":"239a4332-5ef4-4323-99a9-bf50f4951a59","res":{"statusCode":304},"responseTime":9}[39m
[09:30:39.204] [32mINFO[39m (19200): [36mrequest completed[39m [90m{"req":{"method":"GET","url":"/api/notifications"},"correlationId":"d9b6dd2e-0b13-44b2-ae99-0fb14e8069ab","res":{"statusCode":304},"responseTime":21}[39m
[09:31:00.742] [32mINFO[39m (19200): [36mrequest completed[39m [90m{"req":{"method":"GET","url":"/api/campaigns"},"correlationId":"00724b03-1474-48c4-9489-9188ea3a74c5","res":{"statusCode":401},"responseTime":2}[39m
[09:31:00.744] [32mINFO[39m (19200): [36mrequest completed[39m [90m{"req":{"method":"GET","url":"/api/sender/numbers"},"correlationId":"0bc6a23a-ae9f-4e9b-9231-ae853415ad6c","res":{"statusCode":401},"responseTime":1}[39m
[09:31:00.746] [32mINFO[39m (19200): [36mrequest completed[39m [90m{"req":{"method":"GET","url":"/api/notifications"},"correlationId":"2b440539-e6c3-4d1f-92a1-44d96b7cb533","res":{"statusCode":401},"responseTime":1}[39m
[09:31:00.929] [32mINFO[39m (19200): [36mrequest completed[39m [90m{"req":{"method":"POST","url":"/api/auth/refresh"},"correlationId":"9fb6000b-8579-46d1-abff-b935eb57182f","res":{"statusCode":201},"responseTime":178}[39m
[09:31:00.946] [32mINFO[39m (19200): [36mrequest completed[39m [90m{"req":{"method":"GET","url":"/api/campaigns"},"correlationId":"8fe80bd4-0302-4e32-811d-43ba5a1252e4","res":{"statusCode":304},"responseTime":7}[39m
[09:31:00.947] [32mINFO[39m (19200): [36mrequest completed[39m [90m{"req":{"method":"GET","url":"/api/sender/numbers"},"correlationId":"9dcaedef-1254-432b-8f49-19a3b14df62b","res":{"statusCode":304},"responseTime":6}[39m
[09:31:00.949] [32mINFO[39m (19200): [36mrequest completed[39m [90m{"req":{"method":"GET","url":"/api/notifications"},"correlationId":"41294de8-75d1-4a1d-aec8-c68b6b66b10c","res":{"statusCode":304},"responseTime":8}[39m
[09:31:09.579] [32mINFO[39m (19200): [36mrequest completed[39m [90m{"req":{"method":"GET","url":"/api/notifications"},"correlationId":"dab3d050-a8c0-4b49-9ef0-35771de7437f","res":{"statusCode":304},"responseTime":9}[39m
[09:31:39.184] [32mINFO[39m (19200): [36mrequest completed[39m [90m{"req":{"method":"GET","url":"/api/notifications"},"correlationId":"457d2b54-7156-4a40-82f4-f65a12961286","res":{"statusCode":304},"responseTime":8}[39m
[09:32:00.751] [32mINFO[39m (19200): [36mrequest completed[39m [90m{"req":{"method":"GET","url":"/api/campaigns"},"correlationId":"e3a2a6f9-d93e-4055-be3d-ff3664e19bdc","res":{"statusCode":304},"responseTime":12}[39m
[09:32:00.752] [32mINFO[39m (19200): [36mrequest completed[39m [90m{"req":{"method":"GET","url":"/api/sender/numbers"},"correlationId":"77cfa11a-cff7-4e7e-bf97-3d773376c6da","res":{"statusCode":304},"responseTime":8}[39m
[09:32:00.753] [32mINFO[39m (19200): [36mrequest completed[39m [90m{"req":{"method":"GET","url":"/api/notifications"},"correlationId":"7ebf5797-30e1-4d83-9e5b-2be6f6d86878","res":{"statusCode":304},"responseTime":7}[39m
[09:32:09.760] [32mINFO[39m (19200): [36mrequest completed[39m [90m{"req":{"method":"GET","url":"/api/notifications"},"correlationId":"045059c9-6d67-40b4-a5e8-a7f3a3de4486","res":{"statusCode":304},"responseTime":5}[39m
